{
  "criteria": {
    "requirement": {
      "trigger": "minecraft:recipe_unlocked",
      "conditions": {
        "recipe": "minecraft:golden_boots"
      }
    }
  },
  "rewards": {
    "function": "argus.armor_rebalance:condition/golden/boots"
  }
}
