{
  "criteria": {
    "requirement": {
      "trigger": "minecraft:recipe_unlocked",
      "conditions": {
        "recipe": "minecraft:golden_chestplate"
      }
    }
  },
  "rewards": {
    "function": "argus.armor_rebalance:golden/chestplate",
    "loot": [
      "argus.armor_rebalance:golden/chestplate"
    ]
  }
}
