{
  "pools": [
    {
      "rolls": 1,
      "entries": [
        {
          "type": "minecraft:item",
          "name": "minecraft:golden_helmet",
          "functions": [
            {
              "function": "minecraft:set_nbt",
              "tag": "{argus_item:1,HideFlags:2,AttributeModifiers:[{AttributeName:\"generic.armor\",Name:\"generic.armor\",Amount:1,Operation:0,UUID:[I;-896598231,1012416862,-1383213608,1395912070],Slot:\"head\"},{AttributeName:\"generic.armor_toughness\",Name:\"generic.armor_toughness\",Amount:20000,Operation:0,UUID:[I;-765760324,2124499009,-1157063900,-1839830451],Slot:\"head\"},{AttributeName:\"generic.movement_speed\",Name:\"generic.movement_speed\",Amount:0.009,Operation:0,UUID:[I;-805647068,-1450292944,-1510395624,-1378474199],Slot:\"head\"}]}"
            }
          ]
        }
      ]
    }
  ]
}
